2025-06-29T19:34:47.556-04:00  INFO 28840 --- [microservicio-sucursales] [restartedMain] p.c.m.MicroservicioSucursalesApplication : Starting MicroservicioSucursalesApplication using Java 21.0.5 with PID 28840 (C:\Users\lucia\Downloads\unitTestingSucursales\nonstack_sucursales-back-1\target\classes started by lucia in C:\Users\lucia\Downloads\unitTestingSucursales\nonstack_sucursales-back-1)
2025-06-29T19:34:47.560-04:00  INFO 28840 --- [microservicio-sucursales] [restartedMain] p.c.m.MicroservicioSucursalesApplication : No active profile set, falling back to 1 default profile: "default"
2025-06-29T19:34:47.606-04:00  INFO 28840 --- [microservicio-sucursales] [restartedMain] .e.DevToolsPropertyDefaultsPostProcessor : Devtools property defaults active! Set 'spring.devtools.add-properties' to 'false' to disable
2025-06-29T19:34:47.607-04:00  INFO 28840 --- [microservicio-sucursales] [restartedMain] .e.DevToolsPropertyDefaultsPostProcessor : For additional web related logging consider setting the 'logging.level.web' property to 'DEBUG'
2025-06-29T19:34:48.919-04:00  INFO 28840 --- [microservicio-sucursales] [restartedMain] .s.d.r.c.RepositoryConfigurationDelegate : Bootstrapping Spring Data JPA repositories in DEFAULT mode.
2025-06-29T19:34:48.967-04:00  INFO 28840 --- [microservicio-sucursales] [restartedMain] .s.d.r.c.RepositoryConfigurationDelegate : Finished Spring Data repository scanning in 37 ms. Found 3 JPA repository interfaces.
2025-06-29T19:34:50.177-04:00  INFO 28840 --- [microservicio-sucursales] [restartedMain] o.s.b.w.embedded.tomcat.TomcatWebServer  : Tomcat initialized with port 8080 (http)
2025-06-29T19:34:50.196-04:00  INFO 28840 --- [microservicio-sucursales] [restartedMain] o.apache.catalina.core.StandardService   : Starting service [Tomcat]
2025-06-29T19:34:50.197-04:00  INFO 28840 --- [microservicio-sucursales] [restartedMain] o.apache.catalina.core.StandardEngine    : Starting Servlet engine: [Apache Tomcat/10.1.40]
2025-06-29T19:34:50.280-04:00  INFO 28840 --- [microservicio-sucursales] [restartedMain] o.a.c.c.C.[Tomcat].[localhost].[/]       : Initializing Spring embedded WebApplicationContext
2025-06-29T19:34:50.281-04:00  INFO 28840 --- [microservicio-sucursales] [restartedMain] w.s.c.ServletWebServerApplicationContext : Root WebApplicationContext: initialization completed in 2674 ms
2025-06-29T19:34:50.746-04:00  INFO 28840 --- [microservicio-sucursales] [restartedMain] o.hibernate.jpa.internal.util.LogHelper  : HHH000204: Processing PersistenceUnitInfo [name: default]
2025-06-29T19:34:50.809-04:00  INFO 28840 --- [microservicio-sucursales] [restartedMain] org.hibernate.Version                    : HHH000412: Hibernate ORM core version 6.6.13.Final
2025-06-29T19:34:50.850-04:00  INFO 28840 --- [microservicio-sucursales] [restartedMain] o.h.c.internal.RegionFactoryInitiator    : HHH000026: Second-level cache disabled
2025-06-29T19:34:51.112-04:00  INFO 28840 --- [microservicio-sucursales] [restartedMain] o.s.o.j.p.SpringPersistenceUnitInfo      : No LoadTimeWeaver setup: ignoring JPA class transformer
2025-06-29T19:34:51.135-04:00  INFO 28840 --- [microservicio-sucursales] [restartedMain] com.zaxxer.hikari.HikariDataSource       : HikariPool-1 - Starting...
2025-06-29T19:34:53.085-04:00  INFO 28840 --- [microservicio-sucursales] [restartedMain] com.zaxxer.hikari.pool.HikariPool        : HikariPool-1 - Added connection com.mysql.cj.jdbc.ConnectionImpl@6e7a092c
2025-06-29T19:34:53.087-04:00  INFO 28840 --- [microservicio-sucursales] [restartedMain] com.zaxxer.hikari.HikariDataSource       : HikariPool-1 - Start completed.
2025-06-29T19:34:53.361-04:00  WARN 28840 --- [microservicio-sucursales] [restartedMain] org.hibernate.orm.deprecation            : HHH90000025: MySQL8Dialect does not need to be specified explicitly using 'hibernate.dialect' (remove the property setting and it will be selected by default)
2025-06-29T19:34:53.362-04:00  WARN 28840 --- [microservicio-sucursales] [restartedMain] org.hibernate.orm.deprecation            : HHH90000026: MySQL8Dialect has been deprecated; use org.hibernate.dialect.MySQLDialect instead
2025-06-29T19:34:53.377-04:00  INFO 28840 --- [microservicio-sucursales] [restartedMain] org.hibernate.orm.connections.pooling    : HHH10001005: Database info:
	Database JDBC URL [Connecting through datasource 'HikariDataSource (HikariPool-1)']
	Database driver: undefined/unknown
	Database version: 8.0
	Autocommit mode: undefined/unknown
	Isolation level: undefined/unknown
	Minimum pool size: undefined/unknown
	Maximum pool size: undefined/unknown
2025-06-29T19:34:54.062-04:00  INFO 28840 --- [microservicio-sucursales] [restartedMain] o.h.e.t.j.p.i.JtaPlatformInitiator       : HHH000489: No JTA platform available (set 'hibernate.transaction.jta.platform' to enable JTA platform integration)
2025-06-29T19:34:54.067-04:00  INFO 28840 --- [microservicio-sucursales] [restartedMain] j.LocalContainerEntityManagerFactoryBean : Initialized JPA EntityManagerFactory for persistence unit 'default'
2025-06-29T19:34:54.471-04:00  INFO 28840 --- [microservicio-sucursales] [restartedMain] o.s.d.j.r.query.QueryEnhancerFactory     : Hibernate is in classpath; If applicable, HQL parser will be used.
2025-06-29T19:34:55.434-04:00  WARN 28840 --- [microservicio-sucursales] [restartedMain] JpaBaseConfiguration$JpaWebConfiguration : spring.jpa.open-in-view is enabled by default. Therefore, database queries may be performed during view rendering. Explicitly configure spring.jpa.open-in-view to disable this warning
2025-06-29T19:34:55.708-04:00  INFO 28840 --- [microservicio-sucursales] [restartedMain] o.s.v.b.OptionalValidatorFactoryBean     : Failed to set up a Bean Validation provider: jakarta.validation.NoProviderFoundException: Unable to create a Configuration, because no Jakarta Bean Validation provider could be found. Add a provider like Hibernate Validator (RI) to your classpath.
2025-06-29T19:34:56.724-04:00  INFO 28840 --- [microservicio-sucursales] [restartedMain] o.s.b.d.a.OptionalLiveReloadServer       : LiveReload server is running on port 35729
2025-06-29T19:34:56.730-04:00  INFO 28840 --- [microservicio-sucursales] [restartedMain] o.s.b.a.e.web.EndpointLinksResolver      : Exposing 1 endpoint beneath base path '/actuator'
2025-06-29T19:34:56.798-04:00  INFO 28840 --- [microservicio-sucursales] [restartedMain] o.s.b.w.embedded.tomcat.TomcatWebServer  : Tomcat started on port 8080 (http) with context path '/'
2025-06-29T19:34:56.809-04:00  INFO 28840 --- [microservicio-sucursales] [restartedMain] p.c.m.MicroservicioSucursalesApplication : Started MicroservicioSucursalesApplication in 9.742 seconds (process running for 10.282)
2025-06-29T19:34:59.415-04:00  INFO 28840 --- [microservicio-sucursales] [RMI TCP Connection(2)-127.0.0.1] o.a.c.c.C.[Tomcat].[localhost].[/]       : Initializing Spring DispatcherServlet 'dispatcherServlet'
2025-06-29T19:34:59.415-04:00  INFO 28840 --- [microservicio-sucursales] [RMI TCP Connection(2)-127.0.0.1] o.s.web.servlet.DispatcherServlet        : Initializing Servlet 'dispatcherServlet'
2025-06-29T19:34:59.416-04:00  INFO 28840 --- [microservicio-sucursales] [RMI TCP Connection(2)-127.0.0.1] o.s.web.servlet.DispatcherServlet        : Completed initialization in 1 ms
2025-06-29T19:55:12.226-04:00  INFO 28840 --- [microservicio-sucursales] [http-nio-8080-exec-3] o.springdoc.api.AbstractOpenApiResource  : Init duration for springdoc-openapi is: 443 ms
2025-06-29T19:58:14.001-04:00  INFO 28840 --- [microservicio-sucursales] [File Watcher] rtingClassPathChangeChangedEventListener : Restarting due to 1 class path change (0 additions, 0 deletions, 1 modification)
2025-06-29T19:58:14.005-04:00  INFO 28840 --- [microservicio-sucursales] [Thread-5] o.s.b.w.e.tomcat.GracefulShutdown        : Commencing graceful shutdown. Waiting for active requests to complete
2025-06-29T19:58:14.013-04:00  INFO 28840 --- [microservicio-sucursales] [tomcat-shutdown] o.s.b.w.e.tomcat.GracefulShutdown        : Graceful shutdown complete
2025-06-29T19:58:14.018-04:00  INFO 28840 --- [microservicio-sucursales] [Thread-5] j.LocalContainerEntityManagerFactoryBean : Closing JPA EntityManagerFactory for persistence unit 'default'
2025-06-29T19:58:14.022-04:00  INFO 28840 --- [microservicio-sucursales] [Thread-5] com.zaxxer.hikari.HikariDataSource       : HikariPool-1 - Shutdown initiated...
2025-06-29T19:58:15.438-04:00  INFO 28840 --- [microservicio-sucursales] [Thread-5] com.zaxxer.hikari.HikariDataSource       : HikariPool-1 - Shutdown completed.
2025-06-29T19:58:15.537-04:00  INFO 28840 --- [microservicio-sucursales] [restartedMain] p.c.m.MicroservicioSucursalesApplication : Starting MicroservicioSucursalesApplication using Java 21.0.5 with PID 28840 (C:\Users\lucia\Downloads\unitTestingSucursales\nonstack_sucursales-back-1\target\classes started by lucia in C:\Users\lucia\Downloads\unitTestingSucursales\nonstack_sucursales-back-1)
2025-06-29T19:58:15.538-04:00  INFO 28840 --- [microservicio-sucursales] [restartedMain] p.c.m.MicroservicioSucursalesApplication : No active profile set, falling back to 1 default profile: "default"
2025-06-29T19:58:15.764-04:00  INFO 28840 --- [microservicio-sucursales] [restartedMain] .s.d.r.c.RepositoryConfigurationDelegate : Bootstrapping Spring Data JPA repositories in DEFAULT mode.
2025-06-29T19:58:15.778-04:00  INFO 28840 --- [microservicio-sucursales] [restartedMain] .s.d.r.c.RepositoryConfigurationDelegate : Finished Spring Data repository scanning in 12 ms. Found 3 JPA repository interfaces.
2025-06-29T19:58:15.896-04:00  INFO 28840 --- [microservicio-sucursales] [restartedMain] o.s.b.w.embedded.tomcat.TomcatWebServer  : Tomcat initialized with port 8080 (http)
2025-06-29T19:58:15.897-04:00  INFO 28840 --- [microservicio-sucursales] [restartedMain] o.apache.catalina.core.StandardService   : Starting service [Tomcat]
2025-06-29T19:58:15.897-04:00  INFO 28840 --- [microservicio-sucursales] [restartedMain] o.apache.catalina.core.StandardEngine    : Starting Servlet engine: [Apache Tomcat/10.1.40]
2025-06-29T19:58:15.915-04:00  INFO 28840 --- [microservicio-sucursales] [restartedMain] o.a.c.c.C.[Tomcat].[localhost].[/]       : Initializing Spring embedded WebApplicationContext
2025-06-29T19:58:15.915-04:00  INFO 28840 --- [microservicio-sucursales] [restartedMain] w.s.c.ServletWebServerApplicationContext : Root WebApplicationContext: initialization completed in 376 ms
2025-06-29T19:58:16.020-04:00  INFO 28840 --- [microservicio-sucursales] [restartedMain] o.hibernate.jpa.internal.util.LogHelper  : HHH000204: Processing PersistenceUnitInfo [name: default]
2025-06-29T19:58:16.021-04:00  INFO 28840 --- [microservicio-sucursales] [restartedMain] o.h.c.internal.RegionFactoryInitiator    : HHH000026: Second-level cache disabled
2025-06-29T19:58:16.028-04:00  INFO 28840 --- [microservicio-sucursales] [restartedMain] o.s.o.j.p.SpringPersistenceUnitInfo      : No LoadTimeWeaver setup: ignoring JPA class transformer
2025-06-29T19:58:16.029-04:00  INFO 28840 --- [microservicio-sucursales] [restartedMain] com.zaxxer.hikari.HikariDataSource       : HikariPool-2 - Starting...
2025-06-29T19:58:17.718-04:00  INFO 28840 --- [microservicio-sucursales] [restartedMain] com.zaxxer.hikari.pool.HikariPool        : HikariPool-2 - Added connection com.mysql.cj.jdbc.ConnectionImpl@7b186501
2025-06-29T19:58:17.719-04:00  INFO 28840 --- [microservicio-sucursales] [restartedMain] com.zaxxer.hikari.HikariDataSource       : HikariPool-2 - Start completed.
2025-06-29T19:58:17.720-04:00  WARN 28840 --- [microservicio-sucursales] [restartedMain] org.hibernate.orm.deprecation            : HHH90000025: MySQL8Dialect does not need to be specified explicitly using 'hibernate.dialect' (remove the property setting and it will be selected by default)
2025-06-29T19:58:17.720-04:00  WARN 28840 --- [microservicio-sucursales] [restartedMain] org.hibernate.orm.deprecation            : HHH90000026: MySQL8Dialect has been deprecated; use org.hibernate.dialect.MySQLDialect instead
2025-06-29T19:58:17.722-04:00  INFO 28840 --- [microservicio-sucursales] [restartedMain] org.hibernate.orm.connections.pooling    : HHH10001005: Database info:
	Database JDBC URL [Connecting through datasource 'HikariDataSource (HikariPool-2)']
	Database driver: undefined/unknown
	Database version: 8.0
	Autocommit mode: undefined/unknown
	Isolation level: undefined/unknown
	Minimum pool size: undefined/unknown
	Maximum pool size: undefined/unknown
2025-06-29T19:58:17.770-04:00  INFO 28840 --- [microservicio-sucursales] [restartedMain] o.h.e.t.j.p.i.JtaPlatformInitiator       : HHH000489: No JTA platform available (set 'hibernate.transaction.jta.platform' to enable JTA platform integration)
2025-06-29T19:58:17.771-04:00  INFO 28840 --- [microservicio-sucursales] [restartedMain] j.LocalContainerEntityManagerFactoryBean : Initialized JPA EntityManagerFactory for persistence unit 'default'
2025-06-29T19:58:17.903-04:00  WARN 28840 --- [microservicio-sucursales] [restartedMain] JpaBaseConfiguration$JpaWebConfiguration : spring.jpa.open-in-view is enabled by default. Therefore, database queries may be performed during view rendering. Explicitly configure spring.jpa.open-in-view to disable this warning
2025-06-29T19:58:17.960-04:00  INFO 28840 --- [microservicio-sucursales] [restartedMain] o.s.v.b.OptionalValidatorFactoryBean     : Failed to set up a Bean Validation provider: jakarta.validation.NoProviderFoundException: Unable to create a Configuration, because no Jakarta Bean Validation provider could be found. Add a provider like Hibernate Validator (RI) to your classpath.
2025-06-29T19:58:18.172-04:00  INFO 28840 --- [microservicio-sucursales] [restartedMain] o.s.b.d.a.OptionalLiveReloadServer       : LiveReload server is running on port 35729
2025-06-29T19:58:18.178-04:00  INFO 28840 --- [microservicio-sucursales] [restartedMain] o.s.b.a.e.web.EndpointLinksResolver      : Exposing 1 endpoint beneath base path '/actuator'
2025-06-29T19:58:18.197-04:00  INFO 28840 --- [microservicio-sucursales] [restartedMain] o.s.b.w.embedded.tomcat.TomcatWebServer  : Tomcat started on port 8080 (http) with context path '/'
2025-06-29T19:58:18.201-04:00  INFO 28840 --- [microservicio-sucursales] [restartedMain] p.c.m.MicroservicioSucursalesApplication : Started MicroservicioSucursalesApplication in 2.685 seconds (process running for 1411.674)
2025-06-29T19:58:18.204-04:00  INFO 28840 --- [microservicio-sucursales] [restartedMain] .ConditionEvaluationDeltaLoggingListener : Condition evaluation unchanged
2025-06-29T19:59:28.238-04:00  INFO 28840 --- [microservicio-sucursales] [http-nio-8080-exec-1] o.a.c.c.C.[Tomcat].[localhost].[/]       : Initializing Spring DispatcherServlet 'dispatcherServlet'
2025-06-29T19:59:28.239-04:00  INFO 28840 --- [microservicio-sucursales] [http-nio-8080-exec-1] o.s.web.servlet.DispatcherServlet        : Initializing Servlet 'dispatcherServlet'
2025-06-29T19:59:28.242-04:00  INFO 28840 --- [microservicio-sucursales] [http-nio-8080-exec-1] o.s.web.servlet.DispatcherServlet        : Completed initialization in 2 ms
2025-06-29T20:26:49.595-04:00  INFO 28840 --- [microservicio-sucursales] [File Watcher] rtingClassPathChangeChangedEventListener : Restarting due to 1 class path change (0 additions, 0 deletions, 1 modification)
2025-06-29T20:26:49.597-04:00  INFO 28840 --- [microservicio-sucursales] [Thread-7] o.s.b.w.e.tomcat.GracefulShutdown        : Commencing graceful shutdown. Waiting for active requests to complete
2025-06-29T20:26:49.601-04:00  INFO 28840 --- [microservicio-sucursales] [tomcat-shutdown] o.s.b.w.e.tomcat.GracefulShutdown        : Graceful shutdown complete
2025-06-29T20:26:49.604-04:00  INFO 28840 --- [microservicio-sucursales] [Thread-7] j.LocalContainerEntityManagerFactoryBean : Closing JPA EntityManagerFactory for persistence unit 'default'
2025-06-29T20:26:49.605-04:00  INFO 28840 --- [microservicio-sucursales] [Thread-7] com.zaxxer.hikari.HikariDataSource       : HikariPool-2 - Shutdown initiated...
2025-06-29T20:26:51.007-04:00  INFO 28840 --- [microservicio-sucursales] [Thread-7] com.zaxxer.hikari.HikariDataSource       : HikariPool-2 - Shutdown completed.
2025-06-29T20:26:51.113-04:00  INFO 28840 --- [microservicio-sucursales] [restartedMain] p.c.m.MicroservicioSucursalesApplication : Starting MicroservicioSucursalesApplication using Java 21.0.5 with PID 28840 (C:\Users\lucia\Downloads\unitTestingSucursales\nonstack_sucursales-back-1\target\classes started by lucia in C:\Users\lucia\Downloads\unitTestingSucursales\nonstack_sucursales-back-1)
2025-06-29T20:26:51.114-04:00  INFO 28840 --- [microservicio-sucursales] [restartedMain] p.c.m.MicroservicioSucursalesApplication : No active profile set, falling back to 1 default profile: "default"
2025-06-29T20:26:51.446-04:00  INFO 28840 --- [microservicio-sucursales] [restartedMain] .s.d.r.c.RepositoryConfigurationDelegate : Bootstrapping Spring Data JPA repositories in DEFAULT mode.
2025-06-29T20:26:51.467-04:00  INFO 28840 --- [microservicio-sucursales] [restartedMain] .s.d.r.c.RepositoryConfigurationDelegate : Finished Spring Data repository scanning in 19 ms. Found 3 JPA repository interfaces.
2025-06-29T20:26:51.590-04:00  INFO 28840 --- [microservicio-sucursales] [restartedMain] o.s.b.w.embedded.tomcat.TomcatWebServer  : Tomcat initialized with port 8080 (http)
2025-06-29T20:26:51.591-04:00  INFO 28840 --- [microservicio-sucursales] [restartedMain] o.apache.catalina.core.StandardService   : Starting service [Tomcat]
2025-06-29T20:26:51.591-04:00  INFO 28840 --- [microservicio-sucursales] [restartedMain] o.apache.catalina.core.StandardEngine    : Starting Servlet engine: [Apache Tomcat/10.1.40]
2025-06-29T20:26:51.607-04:00  INFO 28840 --- [microservicio-sucursales] [restartedMain] o.a.c.c.C.[Tomcat].[localhost].[/]       : Initializing Spring embedded WebApplicationContext
2025-06-29T20:26:51.607-04:00  INFO 28840 --- [microservicio-sucursales] [restartedMain] w.s.c.ServletWebServerApplicationContext : Root WebApplicationContext: initialization completed in 491 ms
2025-06-29T20:26:51.686-04:00  INFO 28840 --- [microservicio-sucursales] [restartedMain] o.hibernate.jpa.internal.util.LogHelper  : HHH000204: Processing PersistenceUnitInfo [name: default]
2025-06-29T20:26:51.688-04:00  INFO 28840 --- [microservicio-sucursales] [restartedMain] o.h.c.internal.RegionFactoryInitiator    : HHH000026: Second-level cache disabled
2025-06-29T20:26:51.693-04:00  INFO 28840 --- [microservicio-sucursales] [restartedMain] o.s.o.j.p.SpringPersistenceUnitInfo      : No LoadTimeWeaver setup: ignoring JPA class transformer
2025-06-29T20:26:51.695-04:00  INFO 28840 --- [microservicio-sucursales] [restartedMain] com.zaxxer.hikari.HikariDataSource       : HikariPool-3 - Starting...
2025-06-29T20:26:53.238-04:00  INFO 28840 --- [microservicio-sucursales] [restartedMain] com.zaxxer.hikari.pool.HikariPool        : HikariPool-3 - Added connection com.mysql.cj.jdbc.ConnectionImpl@24a855fc
2025-06-29T20:26:53.239-04:00  INFO 28840 --- [microservicio-sucursales] [restartedMain] com.zaxxer.hikari.HikariDataSource       : HikariPool-3 - Start completed.
2025-06-29T20:26:53.239-04:00  WARN 28840 --- [microservicio-sucursales] [restartedMain] org.hibernate.orm.deprecation            : HHH90000025: MySQL8Dialect does not need to be specified explicitly using 'hibernate.dialect' (remove the property setting and it will be selected by default)
2025-06-29T20:26:53.239-04:00  WARN 28840 --- [microservicio-sucursales] [restartedMain] org.hibernate.orm.deprecation            : HHH90000026: MySQL8Dialect has been deprecated; use org.hibernate.dialect.MySQLDialect instead
2025-06-29T20:26:53.240-04:00  INFO 28840 --- [microservicio-sucursales] [restartedMain] org.hibernate.orm.connections.pooling    : HHH10001005: Database info:
	Database JDBC URL [Connecting through datasource 'HikariDataSource (HikariPool-3)']
	Database driver: undefined/unknown
	Database version: 8.0
	Autocommit mode: undefined/unknown
	Isolation level: undefined/unknown
	Minimum pool size: undefined/unknown
	Maximum pool size: undefined/unknown
2025-06-29T20:26:53.278-04:00  INFO 28840 --- [microservicio-sucursales] [restartedMain] o.h.e.t.j.p.i.JtaPlatformInitiator       : HHH000489: No JTA platform available (set 'hibernate.transaction.jta.platform' to enable JTA platform integration)
2025-06-29T20:26:53.278-04:00  INFO 28840 --- [microservicio-sucursales] [restartedMain] j.LocalContainerEntityManagerFactoryBean : Initialized JPA EntityManagerFactory for persistence unit 'default'
2025-06-29T20:26:53.400-04:00  WARN 28840 --- [microservicio-sucursales] [restartedMain] JpaBaseConfiguration$JpaWebConfiguration : spring.jpa.open-in-view is enabled by default. Therefore, database queries may be performed during view rendering. Explicitly configure spring.jpa.open-in-view to disable this warning
2025-06-29T20:26:53.474-04:00  INFO 28840 --- [microservicio-sucursales] [restartedMain] o.s.v.b.OptionalValidatorFactoryBean     : Failed to set up a Bean Validation provider: jakarta.validation.NoProviderFoundException: Unable to create a Configuration, because no Jakarta Bean Validation provider could be found. Add a provider like Hibernate Validator (RI) to your classpath.
2025-06-29T20:26:53.677-04:00  INFO 28840 --- [microservicio-sucursales] [restartedMain] o.s.b.d.a.OptionalLiveReloadServer       : LiveReload server is running on port 35729
2025-06-29T20:26:53.681-04:00  INFO 28840 --- [microservicio-sucursales] [restartedMain] o.s.b.a.e.web.EndpointLinksResolver      : Exposing 1 endpoint beneath base path '/actuator'
2025-06-29T20:26:53.702-04:00  INFO 28840 --- [microservicio-sucursales] [restartedMain] o.s.b.w.embedded.tomcat.TomcatWebServer  : Tomcat started on port 8080 (http) with context path '/'
2025-06-29T20:26:53.706-04:00  INFO 28840 --- [microservicio-sucursales] [restartedMain] p.c.m.MicroservicioSucursalesApplication : Started MicroservicioSucursalesApplication in 2.62 seconds (process running for 3127.178)
2025-06-29T20:26:53.706-04:00  INFO 28840 --- [microservicio-sucursales] [restartedMain] .ConditionEvaluationDeltaLoggingListener : Condition evaluation unchanged
2025-06-29T20:26:59.165-04:00  INFO 28840 --- [microservicio-sucursales] [File Watcher] rtingClassPathChangeChangedEventListener : Restarting due to 1 class path change (0 additions, 0 deletions, 1 modification)
2025-06-29T20:26:59.165-04:00  INFO 28840 --- [microservicio-sucursales] [Thread-11] o.s.b.w.e.tomcat.GracefulShutdown        : Commencing graceful shutdown. Waiting for active requests to complete
2025-06-29T20:26:59.169-04:00  INFO 28840 --- [microservicio-sucursales] [tomcat-shutdown] o.s.b.w.e.tomcat.GracefulShutdown        : Graceful shutdown complete
2025-06-29T20:26:59.171-04:00  INFO 28840 --- [microservicio-sucursales] [Thread-11] j.LocalContainerEntityManagerFactoryBean : Closing JPA EntityManagerFactory for persistence unit 'default'
2025-06-29T20:26:59.172-04:00  INFO 28840 --- [microservicio-sucursales] [Thread-11] com.zaxxer.hikari.HikariDataSource       : HikariPool-3 - Shutdown initiated...
2025-06-29T20:27:00.101-04:00  INFO 28840 --- [microservicio-sucursales] [Thread-11] com.zaxxer.hikari.HikariDataSource       : HikariPool-3 - Shutdown completed.
2025-06-29T20:27:00.188-04:00  INFO 28840 --- [microservicio-sucursales] [restartedMain] p.c.m.MicroservicioSucursalesApplication : Starting MicroservicioSucursalesApplication using Java 21.0.5 with PID 28840 (C:\Users\lucia\Downloads\unitTestingSucursales\nonstack_sucursales-back-1\target\classes started by lucia in C:\Users\lucia\Downloads\unitTestingSucursales\nonstack_sucursales-back-1)
2025-06-29T20:27:00.188-04:00  INFO 28840 --- [microservicio-sucursales] [restartedMain] p.c.m.MicroservicioSucursalesApplication : No active profile set, falling back to 1 default profile: "default"
2025-06-29T20:27:00.408-04:00  INFO 28840 --- [microservicio-sucursales] [restartedMain] .s.d.r.c.RepositoryConfigurationDelegate : Bootstrapping Spring Data JPA repositories in DEFAULT mode.
2025-06-29T20:27:00.418-04:00  INFO 28840 --- [microservicio-sucursales] [restartedMain] .s.d.r.c.RepositoryConfigurationDelegate : Finished Spring Data repository scanning in 9 ms. Found 3 JPA repository interfaces.
2025-06-29T20:27:00.504-04:00  INFO 28840 --- [microservicio-sucursales] [restartedMain] o.s.b.w.embedded.tomcat.TomcatWebServer  : Tomcat initialized with port 8080 (http)
2025-06-29T20:27:00.504-04:00  INFO 28840 --- [microservicio-sucursales] [restartedMain] o.apache.catalina.core.StandardService   : Starting service [Tomcat]
2025-06-29T20:27:00.505-04:00  INFO 28840 --- [microservicio-sucursales] [restartedMain] o.apache.catalina.core.StandardEngine    : Starting Servlet engine: [Apache Tomcat/10.1.40]
2025-06-29T20:27:00.517-04:00  INFO 28840 --- [microservicio-sucursales] [restartedMain] o.a.c.c.C.[Tomcat].[localhost].[/]       : Initializing Spring embedded WebApplicationContext
2025-06-29T20:27:00.518-04:00  INFO 28840 --- [microservicio-sucursales] [restartedMain] w.s.c.ServletWebServerApplicationContext : Root WebApplicationContext: initialization completed in 329 ms
2025-06-29T20:27:00.581-04:00  INFO 28840 --- [microservicio-sucursales] [restartedMain] o.hibernate.jpa.internal.util.LogHelper  : HHH000204: Processing PersistenceUnitInfo [name: default]
2025-06-29T20:27:00.583-04:00  INFO 28840 --- [microservicio-sucursales] [restartedMain] o.h.c.internal.RegionFactoryInitiator    : HHH000026: Second-level cache disabled
2025-06-29T20:27:00.588-04:00  INFO 28840 --- [microservicio-sucursales] [restartedMain] o.s.o.j.p.SpringPersistenceUnitInfo      : No LoadTimeWeaver setup: ignoring JPA class transformer
2025-06-29T20:27:00.589-04:00  INFO 28840 --- [microservicio-sucursales] [restartedMain] com.zaxxer.hikari.HikariDataSource       : HikariPool-4 - Starting...
2025-06-29T20:27:02.170-04:00  INFO 28840 --- [microservicio-sucursales] [restartedMain] com.zaxxer.hikari.pool.HikariPool        : HikariPool-4 - Added connection com.mysql.cj.jdbc.ConnectionImpl@dc3f3db
2025-06-29T20:27:02.170-04:00  INFO 28840 --- [microservicio-sucursales] [restartedMain] com.zaxxer.hikari.HikariDataSource       : HikariPool-4 - Start completed.
2025-06-29T20:27:02.170-04:00  WARN 28840 --- [microservicio-sucursales] [restartedMain] org.hibernate.orm.deprecation            : HHH90000025: MySQL8Dialect does not need to be specified explicitly using 'hibernate.dialect' (remove the property setting and it will be selected by default)
2025-06-29T20:27:02.172-04:00  WARN 28840 --- [microservicio-sucursales] [restartedMain] org.hibernate.orm.deprecation            : HHH90000026: MySQL8Dialect has been deprecated; use org.hibernate.dialect.MySQLDialect instead
2025-06-29T20:27:02.172-04:00  INFO 28840 --- [microservicio-sucursales] [restartedMain] org.hibernate.orm.connections.pooling    : HHH10001005: Database info:
	Database JDBC URL [Connecting through datasource 'HikariDataSource (HikariPool-4)']
	Database driver: undefined/unknown
	Database version: 8.0
	Autocommit mode: undefined/unknown
	Isolation level: undefined/unknown
	Minimum pool size: undefined/unknown
	Maximum pool size: undefined/unknown
2025-06-29T20:27:02.212-04:00  INFO 28840 --- [microservicio-sucursales] [restartedMain] o.h.e.t.j.p.i.JtaPlatformInitiator       : HHH000489: No JTA platform available (set 'hibernate.transaction.jta.platform' to enable JTA platform integration)
2025-06-29T20:27:02.212-04:00  INFO 28840 --- [microservicio-sucursales] [restartedMain] j.LocalContainerEntityManagerFactoryBean : Initialized JPA EntityManagerFactory for persistence unit 'default'
2025-06-29T20:27:02.362-04:00  WARN 28840 --- [microservicio-sucursales] [restartedMain] JpaBaseConfiguration$JpaWebConfiguration : spring.jpa.open-in-view is enabled by default. Therefore, database queries may be performed during view rendering. Explicitly configure spring.jpa.open-in-view to disable this warning
2025-06-29T20:27:02.429-04:00  INFO 28840 --- [microservicio-sucursales] [restartedMain] o.s.v.b.OptionalValidatorFactoryBean     : Failed to set up a Bean Validation provider: jakarta.validation.NoProviderFoundException: Unable to create a Configuration, because no Jakarta Bean Validation provider could be found. Add a provider like Hibernate Validator (RI) to your classpath.
2025-06-29T20:27:02.672-04:00  INFO 28840 --- [microservicio-sucursales] [restartedMain] o.s.b.d.a.OptionalLiveReloadServer       : LiveReload server is running on port 35729
2025-06-29T20:27:02.675-04:00  INFO 28840 --- [microservicio-sucursales] [restartedMain] o.s.b.a.e.web.EndpointLinksResolver      : Exposing 1 endpoint beneath base path '/actuator'
2025-06-29T20:27:02.695-04:00  INFO 28840 --- [microservicio-sucursales] [restartedMain] o.s.b.w.embedded.tomcat.TomcatWebServer  : Tomcat started on port 8080 (http) with context path '/'
2025-06-29T20:27:02.699-04:00  INFO 28840 --- [microservicio-sucursales] [restartedMain] p.c.m.MicroservicioSucursalesApplication : Started MicroservicioSucursalesApplication in 2.529 seconds (process running for 3136.171)
2025-06-29T20:27:02.700-04:00  INFO 28840 --- [microservicio-sucursales] [restartedMain] .ConditionEvaluationDeltaLoggingListener : Condition evaluation unchanged
2025-06-29T20:27:16.262-04:00  INFO 28840 --- [microservicio-sucursales] [File Watcher] rtingClassPathChangeChangedEventListener : Restarting due to 1 class path change (0 additions, 0 deletions, 1 modification)
2025-06-29T20:27:16.264-04:00  INFO 28840 --- [microservicio-sucursales] [Thread-15] o.s.b.w.e.tomcat.GracefulShutdown        : Commencing graceful shutdown. Waiting for active requests to complete
2025-06-29T20:27:16.270-04:00  INFO 28840 --- [microservicio-sucursales] [tomcat-shutdown] o.s.b.w.e.tomcat.GracefulShutdown        : Graceful shutdown complete
2025-06-29T20:27:16.271-04:00  INFO 28840 --- [microservicio-sucursales] [Thread-15] j.LocalContainerEntityManagerFactoryBean : Closing JPA EntityManagerFactory for persistence unit 'default'
2025-06-29T20:27:16.272-04:00  INFO 28840 --- [microservicio-sucursales] [Thread-15] com.zaxxer.hikari.HikariDataSource       : HikariPool-4 - Shutdown initiated...
2025-06-29T20:27:17.666-04:00  INFO 28840 --- [microservicio-sucursales] [Thread-15] com.zaxxer.hikari.HikariDataSource       : HikariPool-4 - Shutdown completed.
2025-06-29T20:27:17.775-04:00  INFO 28840 --- [microservicio-sucursales] [restartedMain] p.c.m.MicroservicioSucursalesApplication : Starting MicroservicioSucursalesApplication using Java 21.0.5 with PID 28840 (C:\Users\lucia\Downloads\unitTestingSucursales\nonstack_sucursales-back-1\target\classes started by lucia in C:\Users\lucia\Downloads\unitTestingSucursales\nonstack_sucursales-back-1)
2025-06-29T20:27:17.776-04:00  INFO 28840 --- [microservicio-sucursales] [restartedMain] p.c.m.MicroservicioSucursalesApplication : No active profile set, falling back to 1 default profile: "default"
2025-06-29T20:27:17.972-04:00  INFO 28840 --- [microservicio-sucursales] [restartedMain] .s.d.r.c.RepositoryConfigurationDelegate : Bootstrapping Spring Data JPA repositories in DEFAULT mode.
2025-06-29T20:27:17.985-04:00  INFO 28840 --- [microservicio-sucursales] [restartedMain] .s.d.r.c.RepositoryConfigurationDelegate : Finished Spring Data repository scanning in 10 ms. Found 3 JPA repository interfaces.
2025-06-29T20:27:18.092-04:00  INFO 28840 --- [microservicio-sucursales] [restartedMain] o.s.b.w.embedded.tomcat.TomcatWebServer  : Tomcat initialized with port 8080 (http)
2025-06-29T20:27:18.098-04:00  INFO 28840 --- [microservicio-sucursales] [restartedMain] o.apache.catalina.core.StandardService   : Starting service [Tomcat]
2025-06-29T20:27:18.099-04:00  INFO 28840 --- [microservicio-sucursales] [restartedMain] o.apache.catalina.core.StandardEngine    : Starting Servlet engine: [Apache Tomcat/10.1.40]
2025-06-29T20:27:18.114-04:00  INFO 28840 --- [microservicio-sucursales] [restartedMain] o.a.c.c.C.[Tomcat].[localhost].[/]       : Initializing Spring embedded WebApplicationContext
2025-06-29T20:27:18.114-04:00  INFO 28840 --- [microservicio-sucursales] [restartedMain] w.s.c.ServletWebServerApplicationContext : Root WebApplicationContext: initialization completed in 336 ms
2025-06-29T20:27:18.185-04:00  INFO 28840 --- [microservicio-sucursales] [restartedMain] o.hibernate.jpa.internal.util.LogHelper  : HHH000204: Processing PersistenceUnitInfo [name: default]
2025-06-29T20:27:18.186-04:00  INFO 28840 --- [microservicio-sucursales] [restartedMain] o.h.c.internal.RegionFactoryInitiator    : HHH000026: Second-level cache disabled
2025-06-29T20:27:18.196-04:00  INFO 28840 --- [microservicio-sucursales] [restartedMain] o.s.o.j.p.SpringPersistenceUnitInfo      : No LoadTimeWeaver setup: ignoring JPA class transformer
2025-06-29T20:27:18.198-04:00  INFO 28840 --- [microservicio-sucursales] [restartedMain] com.zaxxer.hikari.HikariDataSource       : HikariPool-5 - Starting...
2025-06-29T20:27:19.685-04:00  INFO 28840 --- [microservicio-sucursales] [restartedMain] com.zaxxer.hikari.pool.HikariPool        : HikariPool-5 - Added connection com.mysql.cj.jdbc.ConnectionImpl@66cecc91
2025-06-29T20:27:19.685-04:00  INFO 28840 --- [microservicio-sucursales] [restartedMain] com.zaxxer.hikari.HikariDataSource       : HikariPool-5 - Start completed.
2025-06-29T20:27:19.686-04:00  WARN 28840 --- [microservicio-sucursales] [restartedMain] org.hibernate.orm.deprecation            : HHH90000025: MySQL8Dialect does not need to be specified explicitly using 'hibernate.dialect' (remove the property setting and it will be selected by default)
2025-06-29T20:27:19.686-04:00  WARN 28840 --- [microservicio-sucursales] [restartedMain] org.hibernate.orm.deprecation            : HHH90000026: MySQL8Dialect has been deprecated; use org.hibernate.dialect.MySQLDialect instead
2025-06-29T20:27:19.686-04:00  INFO 28840 --- [microservicio-sucursales] [restartedMain] org.hibernate.orm.connections.pooling    : HHH10001005: Database info:
	Database JDBC URL [Connecting through datasource 'HikariDataSource (HikariPool-5)']
	Database driver: undefined/unknown
	Database version: 8.0
	Autocommit mode: undefined/unknown
	Isolation level: undefined/unknown
	Minimum pool size: undefined/unknown
	Maximum pool size: undefined/unknown
2025-06-29T20:27:19.720-04:00  INFO 28840 --- [microservicio-sucursales] [restartedMain] o.h.e.t.j.p.i.JtaPlatformInitiator       : HHH000489: No JTA platform available (set 'hibernate.transaction.jta.platform' to enable JTA platform integration)
2025-06-29T20:27:19.721-04:00  INFO 28840 --- [microservicio-sucursales] [restartedMain] j.LocalContainerEntityManagerFactoryBean : Initialized JPA EntityManagerFactory for persistence unit 'default'
2025-06-29T20:27:19.839-04:00  WARN 28840 --- [microservicio-sucursales] [restartedMain] JpaBaseConfiguration$JpaWebConfiguration : spring.jpa.open-in-view is enabled by default. Therefore, database queries may be performed during view rendering. Explicitly configure spring.jpa.open-in-view to disable this warning
2025-06-29T20:27:19.880-04:00  INFO 28840 --- [microservicio-sucursales] [restartedMain] o.s.v.b.OptionalValidatorFactoryBean     : Failed to set up a Bean Validation provider: jakarta.validation.NoProviderFoundException: Unable to create a Configuration, because no Jakarta Bean Validation provider could be found. Add a provider like Hibernate Validator (RI) to your classpath.
2025-06-29T20:27:20.075-04:00  INFO 28840 --- [microservicio-sucursales] [restartedMain] o.s.b.d.a.OptionalLiveReloadServer       : LiveReload server is running on port 35729
2025-06-29T20:27:20.079-04:00  INFO 28840 --- [microservicio-sucursales] [restartedMain] o.s.b.a.e.web.EndpointLinksResolver      : Exposing 1 endpoint beneath base path '/actuator'
2025-06-29T20:27:20.097-04:00  INFO 28840 --- [microservicio-sucursales] [restartedMain] o.s.b.w.embedded.tomcat.TomcatWebServer  : Tomcat started on port 8080 (http) with context path '/'
2025-06-29T20:27:20.100-04:00  INFO 28840 --- [microservicio-sucursales] [restartedMain] p.c.m.MicroservicioSucursalesApplication : Started MicroservicioSucursalesApplication in 2.35 seconds (process running for 3153.572)
2025-06-29T20:27:20.101-04:00  INFO 28840 --- [microservicio-sucursales] [restartedMain] .ConditionEvaluationDeltaLoggingListener : Condition evaluation unchanged
2025-06-29T20:27:21.518-04:00  INFO 28840 --- [microservicio-sucursales] [File Watcher] rtingClassPathChangeChangedEventListener : Restarting due to 1 class path change (0 additions, 0 deletions, 1 modification)
2025-06-29T20:27:21.520-04:00  INFO 28840 --- [microservicio-sucursales] [Thread-19] o.s.b.w.e.tomcat.GracefulShutdown        : Commencing graceful shutdown. Waiting for active requests to complete
2025-06-29T20:27:21.526-04:00  INFO 28840 --- [microservicio-sucursales] [tomcat-shutdown] o.s.b.w.e.tomcat.GracefulShutdown        : Graceful shutdown complete
2025-06-29T20:27:21.528-04:00  INFO 28840 --- [microservicio-sucursales] [Thread-19] j.LocalContainerEntityManagerFactoryBean : Closing JPA EntityManagerFactory for persistence unit 'default'
2025-06-29T20:27:21.528-04:00  INFO 28840 --- [microservicio-sucursales] [Thread-19] com.zaxxer.hikari.HikariDataSource       : HikariPool-5 - Shutdown initiated...
2025-06-29T20:27:22.522-04:00  INFO 28840 --- [microservicio-sucursales] [Thread-19] com.zaxxer.hikari.HikariDataSource       : HikariPool-5 - Shutdown completed.
2025-06-29T20:27:22.610-04:00  INFO 28840 --- [microservicio-sucursales] [restartedMain] p.c.m.MicroservicioSucursalesApplication : Starting MicroservicioSucursalesApplication using Java 21.0.5 with PID 28840 (C:\Users\lucia\Downloads\unitTestingSucursales\nonstack_sucursales-back-1\target\classes started by lucia in C:\Users\lucia\Downloads\unitTestingSucursales\nonstack_sucursales-back-1)
2025-06-29T20:27:22.610-04:00  INFO 28840 --- [microservicio-sucursales] [restartedMain] p.c.m.MicroservicioSucursalesApplication : No active profile set, falling back to 1 default profile: "default"
2025-06-29T20:27:22.775-04:00  INFO 28840 --- [microservicio-sucursales] [restartedMain] .s.d.r.c.RepositoryConfigurationDelegate : Bootstrapping Spring Data JPA repositories in DEFAULT mode.
2025-06-29T20:27:22.784-04:00  INFO 28840 --- [microservicio-sucursales] [restartedMain] .s.d.r.c.RepositoryConfigurationDelegate : Finished Spring Data repository scanning in 7 ms. Found 3 JPA repository interfaces.
2025-06-29T20:27:22.902-04:00  INFO 28840 --- [microservicio-sucursales] [restartedMain] o.s.b.w.embedded.tomcat.TomcatWebServer  : Tomcat initialized with port 8080 (http)
2025-06-29T20:27:22.904-04:00  INFO 28840 --- [microservicio-sucursales] [restartedMain] o.apache.catalina.core.StandardService   : Starting service [Tomcat]
2025-06-29T20:27:22.904-04:00  INFO 28840 --- [microservicio-sucursales] [restartedMain] o.apache.catalina.core.StandardEngine    : Starting Servlet engine: [Apache Tomcat/10.1.40]
2025-06-29T20:27:22.919-04:00  INFO 28840 --- [microservicio-sucursales] [restartedMain] o.a.c.c.C.[Tomcat].[localhost].[/]       : Initializing Spring embedded WebApplicationContext
2025-06-29T20:27:22.919-04:00  INFO 28840 --- [microservicio-sucursales] [restartedMain] w.s.c.ServletWebServerApplicationContext : Root WebApplicationContext: initialization completed in 307 ms
2025-06-29T20:27:22.987-04:00  INFO 28840 --- [microservicio-sucursales] [restartedMain] o.hibernate.jpa.internal.util.LogHelper  : HHH000204: Processing PersistenceUnitInfo [name: default]
2025-06-29T20:27:22.989-04:00  INFO 28840 --- [microservicio-sucursales] [restartedMain] o.h.c.internal.RegionFactoryInitiator    : HHH000026: Second-level cache disabled
2025-06-29T20:27:22.993-04:00  INFO 28840 --- [microservicio-sucursales] [restartedMain] o.s.o.j.p.SpringPersistenceUnitInfo      : No LoadTimeWeaver setup: ignoring JPA class transformer
2025-06-29T20:27:22.994-04:00  INFO 28840 --- [microservicio-sucursales] [restartedMain] com.zaxxer.hikari.HikariDataSource       : HikariPool-6 - Starting...
2025-06-29T20:27:24.688-04:00  INFO 28840 --- [microservicio-sucursales] [restartedMain] com.zaxxer.hikari.pool.HikariPool        : HikariPool-6 - Added connection com.mysql.cj.jdbc.ConnectionImpl@2ff781df
2025-06-29T20:27:24.688-04:00  INFO 28840 --- [microservicio-sucursales] [restartedMain] com.zaxxer.hikari.HikariDataSource       : HikariPool-6 - Start completed.
2025-06-29T20:27:24.689-04:00  WARN 28840 --- [microservicio-sucursales] [restartedMain] org.hibernate.orm.deprecation            : HHH90000025: MySQL8Dialect does not need to be specified explicitly using 'hibernate.dialect' (remove the property setting and it will be selected by default)
2025-06-29T20:27:24.689-04:00  WARN 28840 --- [microservicio-sucursales] [restartedMain] org.hibernate.orm.deprecation            : HHH90000026: MySQL8Dialect has been deprecated; use org.hibernate.dialect.MySQLDialect instead
2025-06-29T20:27:24.689-04:00  INFO 28840 --- [microservicio-sucursales] [restartedMain] org.hibernate.orm.connections.pooling    : HHH10001005: Database info:
	Database JDBC URL [Connecting through datasource 'HikariDataSource (HikariPool-6)']
	Database driver: undefined/unknown
	Database version: 8.0
	Autocommit mode: undefined/unknown
	Isolation level: undefined/unknown
	Minimum pool size: undefined/unknown
	Maximum pool size: undefined/unknown
2025-06-29T20:27:24.720-04:00  INFO 28840 --- [microservicio-sucursales] [restartedMain] o.h.e.t.j.p.i.JtaPlatformInitiator       : HHH000489: No JTA platform available (set 'hibernate.transaction.jta.platform' to enable JTA platform integration)
2025-06-29T20:27:24.721-04:00  INFO 28840 --- [microservicio-sucursales] [restartedMain] j.LocalContainerEntityManagerFactoryBean : Initialized JPA EntityManagerFactory for persistence unit 'default'
2025-06-29T20:27:24.831-04:00  WARN 28840 --- [microservicio-sucursales] [restartedMain] JpaBaseConfiguration$JpaWebConfiguration : spring.jpa.open-in-view is enabled by default. Therefore, database queries may be performed during view rendering. Explicitly configure spring.jpa.open-in-view to disable this warning
2025-06-29T20:27:24.881-04:00  INFO 28840 --- [microservicio-sucursales] [restartedMain] o.s.v.b.OptionalValidatorFactoryBean     : Failed to set up a Bean Validation provider: jakarta.validation.NoProviderFoundException: Unable to create a Configuration, because no Jakarta Bean Validation provider could be found. Add a provider like Hibernate Validator (RI) to your classpath.
2025-06-29T20:27:25.037-04:00  INFO 28840 --- [microservicio-sucursales] [restartedMain] o.s.b.d.a.OptionalLiveReloadServer       : LiveReload server is running on port 35729
2025-06-29T20:27:25.040-04:00  INFO 28840 --- [microservicio-sucursales] [restartedMain] o.s.b.a.e.web.EndpointLinksResolver      : Exposing 1 endpoint beneath base path '/actuator'
2025-06-29T20:27:25.055-04:00  INFO 28840 --- [microservicio-sucursales] [restartedMain] o.s.b.w.embedded.tomcat.TomcatWebServer  : Tomcat started on port 8080 (http) with context path '/'
2025-06-29T20:27:25.058-04:00  INFO 28840 --- [microservicio-sucursales] [restartedMain] p.c.m.MicroservicioSucursalesApplication : Started MicroservicioSucursalesApplication in 2.463 seconds (process running for 3158.531)
2025-06-29T20:27:25.059-04:00  INFO 28840 --- [microservicio-sucursales] [restartedMain] .ConditionEvaluationDeltaLoggingListener : Condition evaluation unchanged
2025-06-29T20:28:25.244-04:00  INFO 28840 --- [microservicio-sucursales] [File Watcher] rtingClassPathChangeChangedEventListener : Restarting due to 1 class path change (0 additions, 0 deletions, 1 modification)
2025-06-29T20:28:25.245-04:00  INFO 28840 --- [microservicio-sucursales] [Thread-23] o.s.b.w.e.tomcat.GracefulShutdown        : Commencing graceful shutdown. Waiting for active requests to complete
2025-06-29T20:28:25.249-04:00  INFO 28840 --- [microservicio-sucursales] [tomcat-shutdown] o.s.b.w.e.tomcat.GracefulShutdown        : Graceful shutdown complete
2025-06-29T20:28:25.250-04:00  INFO 28840 --- [microservicio-sucursales] [Thread-23] j.LocalContainerEntityManagerFactoryBean : Closing JPA EntityManagerFactory for persistence unit 'default'
2025-06-29T20:28:25.250-04:00  INFO 28840 --- [microservicio-sucursales] [Thread-23] com.zaxxer.hikari.HikariDataSource       : HikariPool-6 - Shutdown initiated...
2025-06-29T20:28:26.667-04:00  INFO 28840 --- [microservicio-sucursales] [Thread-23] com.zaxxer.hikari.HikariDataSource       : HikariPool-6 - Shutdown completed.
2025-06-29T20:28:26.738-04:00  INFO 28840 --- [microservicio-sucursales] [restartedMain] p.c.m.MicroservicioSucursalesApplication : Starting MicroservicioSucursalesApplication using Java 21.0.5 with PID 28840 (C:\Users\lucia\Downloads\unitTestingSucursales\nonstack_sucursales-back-1\target\classes started by lucia in C:\Users\lucia\Downloads\unitTestingSucursales\nonstack_sucursales-back-1)
2025-06-29T20:28:26.738-04:00  INFO 28840 --- [microservicio-sucursales] [restartedMain] p.c.m.MicroservicioSucursalesApplication : No active profile set, falling back to 1 default profile: "default"
2025-06-29T20:28:26.897-04:00  INFO 28840 --- [microservicio-sucursales] [restartedMain] .s.d.r.c.RepositoryConfigurationDelegate : Bootstrapping Spring Data JPA repositories in DEFAULT mode.
2025-06-29T20:28:26.904-04:00  INFO 28840 --- [microservicio-sucursales] [restartedMain] .s.d.r.c.RepositoryConfigurationDelegate : Finished Spring Data repository scanning in 6 ms. Found 3 JPA repository interfaces.
2025-06-29T20:28:26.979-04:00  INFO 28840 --- [microservicio-sucursales] [restartedMain] o.s.b.w.embedded.tomcat.TomcatWebServer  : Tomcat initialized with port 8080 (http)
2025-06-29T20:28:26.980-04:00  INFO 28840 --- [microservicio-sucursales] [restartedMain] o.apache.catalina.core.StandardService   : Starting service [Tomcat]
2025-06-29T20:28:26.980-04:00  INFO 28840 --- [microservicio-sucursales] [restartedMain] o.apache.catalina.core.StandardEngine    : Starting Servlet engine: [Apache Tomcat/10.1.40]
2025-06-29T20:28:26.991-04:00  INFO 28840 --- [microservicio-sucursales] [restartedMain] o.a.c.c.C.[Tomcat].[localhost].[/]       : Initializing Spring embedded WebApplicationContext
2025-06-29T20:28:26.991-04:00  INFO 28840 --- [microservicio-sucursales] [restartedMain] w.s.c.ServletWebServerApplicationContext : Root WebApplicationContext: initialization completed in 252 ms
2025-06-29T20:28:27.069-04:00  INFO 28840 --- [microservicio-sucursales] [restartedMain] o.hibernate.jpa.internal.util.LogHelper  : HHH000204: Processing PersistenceUnitInfo [name: default]
2025-06-29T20:28:27.071-04:00  INFO 28840 --- [microservicio-sucursales] [restartedMain] o.h.c.internal.RegionFactoryInitiator    : HHH000026: Second-level cache disabled
2025-06-29T20:28:27.076-04:00  INFO 28840 --- [microservicio-sucursales] [restartedMain] o.s.o.j.p.SpringPersistenceUnitInfo      : No LoadTimeWeaver setup: ignoring JPA class transformer
2025-06-29T20:28:27.077-04:00  INFO 28840 --- [microservicio-sucursales] [restartedMain] com.zaxxer.hikari.HikariDataSource       : HikariPool-7 - Starting...
2025-06-29T20:28:28.667-04:00  INFO 28840 --- [microservicio-sucursales] [restartedMain] com.zaxxer.hikari.pool.HikariPool        : HikariPool-7 - Added connection com.mysql.cj.jdbc.ConnectionImpl@e418f1e
2025-06-29T20:28:28.667-04:00  INFO 28840 --- [microservicio-sucursales] [restartedMain] com.zaxxer.hikari.HikariDataSource       : HikariPool-7 - Start completed.
2025-06-29T20:28:28.668-04:00  WARN 28840 --- [microservicio-sucursales] [restartedMain] org.hibernate.orm.deprecation            : HHH90000025: MySQL8Dialect does not need to be specified explicitly using 'hibernate.dialect' (remove the property setting and it will be selected by default)
2025-06-29T20:28:28.668-04:00  WARN 28840 --- [microservicio-sucursales] [restartedMain] org.hibernate.orm.deprecation            : HHH90000026: MySQL8Dialect has been deprecated; use org.hibernate.dialect.MySQLDialect instead
2025-06-29T20:28:28.668-04:00  INFO 28840 --- [microservicio-sucursales] [restartedMain] org.hibernate.orm.connections.pooling    : HHH10001005: Database info:
	Database JDBC URL [Connecting through datasource 'HikariDataSource (HikariPool-7)']
	Database driver: undefined/unknown
	Database version: 8.0
	Autocommit mode: undefined/unknown
	Isolation level: undefined/unknown
	Minimum pool size: undefined/unknown
	Maximum pool size: undefined/unknown
2025-06-29T20:28:28.699-04:00  INFO 28840 --- [microservicio-sucursales] [restartedMain] o.h.e.t.j.p.i.JtaPlatformInitiator       : HHH000489: No JTA platform available (set 'hibernate.transaction.jta.platform' to enable JTA platform integration)
2025-06-29T20:28:28.700-04:00  INFO 28840 --- [microservicio-sucursales] [restartedMain] j.LocalContainerEntityManagerFactoryBean : Initialized JPA EntityManagerFactory for persistence unit 'default'
2025-06-29T20:28:28.812-04:00  WARN 28840 --- [microservicio-sucursales] [restartedMain] JpaBaseConfiguration$JpaWebConfiguration : spring.jpa.open-in-view is enabled by default. Therefore, database queries may be performed during view rendering. Explicitly configure spring.jpa.open-in-view to disable this warning
2025-06-29T20:28:28.872-04:00  INFO 28840 --- [microservicio-sucursales] [restartedMain] o.s.v.b.OptionalValidatorFactoryBean     : Failed to set up a Bean Validation provider: jakarta.validation.NoProviderFoundException: Unable to create a Configuration, because no Jakarta Bean Validation provider could be found. Add a provider like Hibernate Validator (RI) to your classpath.
2025-06-29T20:28:29.058-04:00  INFO 28840 --- [microservicio-sucursales] [restartedMain] o.s.b.d.a.OptionalLiveReloadServer       : LiveReload server is running on port 35729
2025-06-29T20:28:29.062-04:00  INFO 28840 --- [microservicio-sucursales] [restartedMain] o.s.b.a.e.web.EndpointLinksResolver      : Exposing 1 endpoint beneath base path '/actuator'
2025-06-29T20:28:29.078-04:00  INFO 28840 --- [microservicio-sucursales] [restartedMain] o.s.b.w.embedded.tomcat.TomcatWebServer  : Tomcat started on port 8080 (http) with context path '/'
2025-06-29T20:28:29.081-04:00  INFO 28840 --- [microservicio-sucursales] [restartedMain] p.c.m.MicroservicioSucursalesApplication : Started MicroservicioSucursalesApplication in 2.358 seconds (process running for 3222.553)
2025-06-29T20:28:29.082-04:00  INFO 28840 --- [microservicio-sucursales] [restartedMain] .ConditionEvaluationDeltaLoggingListener : Condition evaluation unchanged
2025-06-29T20:28:42.698-04:00  INFO 28840 --- [microservicio-sucursales] [File Watcher] rtingClassPathChangeChangedEventListener : Restarting due to 1 class path change (0 additions, 0 deletions, 1 modification)
2025-06-29T20:28:42.699-04:00  INFO 28840 --- [microservicio-sucursales] [Thread-27] o.s.b.w.e.tomcat.GracefulShutdown        : Commencing graceful shutdown. Waiting for active requests to complete
2025-06-29T20:28:42.704-04:00  INFO 28840 --- [microservicio-sucursales] [tomcat-shutdown] o.s.b.w.e.tomcat.GracefulShutdown        : Graceful shutdown complete
2025-06-29T20:28:42.706-04:00  INFO 28840 --- [microservicio-sucursales] [Thread-27] j.LocalContainerEntityManagerFactoryBean : Closing JPA EntityManagerFactory for persistence unit 'default'
2025-06-29T20:28:42.706-04:00  INFO 28840 --- [microservicio-sucursales] [Thread-27] com.zaxxer.hikari.HikariDataSource       : HikariPool-7 - Shutdown initiated...
2025-06-29T20:28:44.122-04:00  INFO 28840 --- [microservicio-sucursales] [Thread-27] com.zaxxer.hikari.HikariDataSource       : HikariPool-7 - Shutdown completed.
2025-06-29T20:28:44.184-04:00  INFO 28840 --- [microservicio-sucursales] [restartedMain] p.c.m.MicroservicioSucursalesApplication : Starting MicroservicioSucursalesApplication using Java 21.0.5 with PID 28840 (C:\Users\lucia\Downloads\unitTestingSucursales\nonstack_sucursales-back-1\target\classes started by lucia in C:\Users\lucia\Downloads\unitTestingSucursales\nonstack_sucursales-back-1)
2025-06-29T20:28:44.184-04:00  INFO 28840 --- [microservicio-sucursales] [restartedMain] p.c.m.MicroservicioSucursalesApplication : No active profile set, falling back to 1 default profile: "default"
2025-06-29T20:28:44.318-04:00  INFO 28840 --- [microservicio-sucursales] [restartedMain] .s.d.r.c.RepositoryConfigurationDelegate : Bootstrapping Spring Data JPA repositories in DEFAULT mode.
2025-06-29T20:28:44.325-04:00  INFO 28840 --- [microservicio-sucursales] [restartedMain] .s.d.r.c.RepositoryConfigurationDelegate : Finished Spring Data repository scanning in 6 ms. Found 3 JPA repository interfaces.
2025-06-29T20:28:44.389-04:00  INFO 28840 --- [microservicio-sucursales] [restartedMain] o.s.b.w.embedded.tomcat.TomcatWebServer  : Tomcat initialized with port 8080 (http)
2025-06-29T20:28:44.390-04:00  INFO 28840 --- [microservicio-sucursales] [restartedMain] o.apache.catalina.core.StandardService   : Starting service [Tomcat]
2025-06-29T20:28:44.390-04:00  INFO 28840 --- [microservicio-sucursales] [restartedMain] o.apache.catalina.core.StandardEngine    : Starting Servlet engine: [Apache Tomcat/10.1.40]
2025-06-29T20:28:44.399-04:00  INFO 28840 --- [microservicio-sucursales] [restartedMain] o.a.c.c.C.[Tomcat].[localhost].[/]       : Initializing Spring embedded WebApplicationContext
2025-06-29T20:28:44.399-04:00  INFO 28840 --- [microservicio-sucursales] [restartedMain] w.s.c.ServletWebServerApplicationContext : Root WebApplicationContext: initialization completed in 214 ms
2025-06-29T20:28:44.458-04:00  INFO 28840 --- [microservicio-sucursales] [restartedMain] o.hibernate.jpa.internal.util.LogHelper  : HHH000204: Processing PersistenceUnitInfo [name: default]
2025-06-29T20:28:44.460-04:00  INFO 28840 --- [microservicio-sucursales] [restartedMain] o.h.c.internal.RegionFactoryInitiator    : HHH000026: Second-level cache disabled
2025-06-29T20:28:44.463-04:00  INFO 28840 --- [microservicio-sucursales] [restartedMain] o.s.o.j.p.SpringPersistenceUnitInfo      : No LoadTimeWeaver setup: ignoring JPA class transformer
2025-06-29T20:28:44.464-04:00  INFO 28840 --- [microservicio-sucursales] [restartedMain] com.zaxxer.hikari.HikariDataSource       : HikariPool-8 - Starting...
2025-06-29T20:28:45.956-04:00  INFO 28840 --- [microservicio-sucursales] [restartedMain] com.zaxxer.hikari.pool.HikariPool        : HikariPool-8 - Added connection com.mysql.cj.jdbc.ConnectionImpl@1fbf5e09
2025-06-29T20:28:45.956-04:00  INFO 28840 --- [microservicio-sucursales] [restartedMain] com.zaxxer.hikari.HikariDataSource       : HikariPool-8 - Start completed.
2025-06-29T20:28:45.957-04:00  WARN 28840 --- [microservicio-sucursales] [restartedMain] org.hibernate.orm.deprecation            : HHH90000025: MySQL8Dialect does not need to be specified explicitly using 'hibernate.dialect' (remove the property setting and it will be selected by default)
2025-06-29T20:28:45.957-04:00  WARN 28840 --- [microservicio-sucursales] [restartedMain] org.hibernate.orm.deprecation            : HHH90000026: MySQL8Dialect has been deprecated; use org.hibernate.dialect.MySQLDialect instead
2025-06-29T20:28:45.958-04:00  INFO 28840 --- [microservicio-sucursales] [restartedMain] org.hibernate.orm.connections.pooling    : HHH10001005: Database info:
	Database JDBC URL [Connecting through datasource 'HikariDataSource (HikariPool-8)']
	Database driver: undefined/unknown
	Database version: 8.0
	Autocommit mode: undefined/unknown
	Isolation level: undefined/unknown
	Minimum pool size: undefined/unknown
	Maximum pool size: undefined/unknown
2025-06-29T20:28:45.985-04:00  INFO 28840 --- [microservicio-sucursales] [restartedMain] o.h.e.t.j.p.i.JtaPlatformInitiator       : HHH000489: No JTA platform available (set 'hibernate.transaction.jta.platform' to enable JTA platform integration)
2025-06-29T20:28:45.985-04:00  INFO 28840 --- [microservicio-sucursales] [restartedMain] j.LocalContainerEntityManagerFactoryBean : Initialized JPA EntityManagerFactory for persistence unit 'default'
2025-06-29T20:28:46.087-04:00  WARN 28840 --- [microservicio-sucursales] [restartedMain] JpaBaseConfiguration$JpaWebConfiguration : spring.jpa.open-in-view is enabled by default. Therefore, database queries may be performed during view rendering. Explicitly configure spring.jpa.open-in-view to disable this warning
2025-06-29T20:28:46.127-04:00  INFO 28840 --- [microservicio-sucursales] [restartedMain] o.s.v.b.OptionalValidatorFactoryBean     : Failed to set up a Bean Validation provider: jakarta.validation.NoProviderFoundException: Unable to create a Configuration, because no Jakarta Bean Validation provider could be found. Add a provider like Hibernate Validator (RI) to your classpath.
2025-06-29T20:28:46.279-04:00  INFO 28840 --- [microservicio-sucursales] [restartedMain] o.s.b.d.a.OptionalLiveReloadServer       : LiveReload server is running on port 35729
2025-06-29T20:28:46.281-04:00  INFO 28840 --- [microservicio-sucursales] [restartedMain] o.s.b.a.e.web.EndpointLinksResolver      : Exposing 1 endpoint beneath base path '/actuator'
2025-06-29T20:28:46.292-04:00  INFO 28840 --- [microservicio-sucursales] [restartedMain] o.s.b.w.embedded.tomcat.TomcatWebServer  : Tomcat started on port 8080 (http) with context path '/'
2025-06-29T20:28:46.295-04:00  INFO 28840 --- [microservicio-sucursales] [restartedMain] p.c.m.MicroservicioSucursalesApplication : Started MicroservicioSucursalesApplication in 2.125 seconds (process running for 3239.768)
2025-06-29T20:28:46.296-04:00  INFO 28840 --- [microservicio-sucursales] [restartedMain] .ConditionEvaluationDeltaLoggingListener : Condition evaluation unchanged
2025-06-29T20:29:51.589-04:00  INFO 28840 --- [microservicio-sucursales] [File Watcher] rtingClassPathChangeChangedEventListener : Restarting due to 1 class path change (0 additions, 0 deletions, 1 modification)
2025-06-29T20:29:51.590-04:00  INFO 28840 --- [microservicio-sucursales] [Thread-31] o.s.b.w.e.tomcat.GracefulShutdown        : Commencing graceful shutdown. Waiting for active requests to complete
2025-06-29T20:29:51.595-04:00  INFO 28840 --- [microservicio-sucursales] [tomcat-shutdown] o.s.b.w.e.tomcat.GracefulShutdown        : Graceful shutdown complete
2025-06-29T20:29:51.596-04:00  INFO 28840 --- [microservicio-sucursales] [Thread-31] j.LocalContainerEntityManagerFactoryBean : Closing JPA EntityManagerFactory for persistence unit 'default'
2025-06-29T20:29:51.597-04:00  INFO 28840 --- [microservicio-sucursales] [Thread-31] com.zaxxer.hikari.HikariDataSource       : HikariPool-8 - Shutdown initiated...
2025-06-29T20:29:53.001-04:00  INFO 28840 --- [microservicio-sucursales] [Thread-31] com.zaxxer.hikari.HikariDataSource       : HikariPool-8 - Shutdown completed.
2025-06-29T20:29:53.074-04:00  INFO 28840 --- [microservicio-sucursales] [restartedMain] p.c.m.MicroservicioSucursalesApplication : Starting MicroservicioSucursalesApplication using Java 21.0.5 with PID 28840 (C:\Users\lucia\Downloads\unitTestingSucursales\nonstack_sucursales-back-1\target\classes started by lucia in C:\Users\lucia\Downloads\unitTestingSucursales\nonstack_sucursales-back-1)
2025-06-29T20:29:53.075-04:00  INFO 28840 --- [microservicio-sucursales] [restartedMain] p.c.m.MicroservicioSucursalesApplication : No active profile set, falling back to 1 default profile: "default"
2025-06-29T20:29:53.214-04:00  INFO 28840 --- [microservicio-sucursales] [restartedMain] .s.d.r.c.RepositoryConfigurationDelegate : Bootstrapping Spring Data JPA repositories in DEFAULT mode.
2025-06-29T20:29:53.225-04:00  INFO 28840 --- [microservicio-sucursales] [restartedMain] .s.d.r.c.RepositoryConfigurationDelegate : Finished Spring Data repository scanning in 9 ms. Found 3 JPA repository interfaces.
2025-06-29T20:29:53.288-04:00  INFO 28840 --- [microservicio-sucursales] [restartedMain] o.s.b.w.embedded.tomcat.TomcatWebServer  : Tomcat initialized with port 8080 (http)
2025-06-29T20:29:53.289-04:00  INFO 28840 --- [microservicio-sucursales] [restartedMain] o.apache.catalina.core.StandardService   : Starting service [Tomcat]
2025-06-29T20:29:53.289-04:00  INFO 28840 --- [microservicio-sucursales] [restartedMain] o.apache.catalina.core.StandardEngine    : Starting Servlet engine: [Apache Tomcat/10.1.40]
2025-06-29T20:29:53.300-04:00  INFO 28840 --- [microservicio-sucursales] [restartedMain] o.a.c.c.C.[Tomcat].[localhost].[/]       : Initializing Spring embedded WebApplicationContext
2025-06-29T20:29:53.302-04:00  INFO 28840 --- [microservicio-sucursales] [restartedMain] w.s.c.ServletWebServerApplicationContext : Root WebApplicationContext: initialization completed in 227 ms
2025-06-29T20:29:53.375-04:00  INFO 28840 --- [microservicio-sucursales] [restartedMain] o.hibernate.jpa.internal.util.LogHelper  : HHH000204: Processing PersistenceUnitInfo [name: default]
2025-06-29T20:29:53.376-04:00  INFO 28840 --- [microservicio-sucursales] [restartedMain] o.h.c.internal.RegionFactoryInitiator    : HHH000026: Second-level cache disabled
2025-06-29T20:29:53.380-04:00  INFO 28840 --- [microservicio-sucursales] [restartedMain] o.s.o.j.p.SpringPersistenceUnitInfo      : No LoadTimeWeaver setup: ignoring JPA class transformer
2025-06-29T20:29:53.382-04:00  INFO 28840 --- [microservicio-sucursales] [restartedMain] com.zaxxer.hikari.HikariDataSource       : HikariPool-9 - Starting...
2025-06-29T20:29:54.935-04:00  INFO 28840 --- [microservicio-sucursales] [restartedMain] com.zaxxer.hikari.pool.HikariPool        : HikariPool-9 - Added connection com.mysql.cj.jdbc.ConnectionImpl@67a06552
2025-06-29T20:29:54.936-04:00  INFO 28840 --- [microservicio-sucursales] [restartedMain] com.zaxxer.hikari.HikariDataSource       : HikariPool-9 - Start completed.
2025-06-29T20:29:54.937-04:00  WARN 28840 --- [microservicio-sucursales] [restartedMain] org.hibernate.orm.deprecation            : HHH90000025: MySQL8Dialect does not need to be specified explicitly using 'hibernate.dialect' (remove the property setting and it will be selected by default)
2025-06-29T20:29:54.937-04:00  WARN 28840 --- [microservicio-sucursales] [restartedMain] org.hibernate.orm.deprecation            : HHH90000026: MySQL8Dialect has been deprecated; use org.hibernate.dialect.MySQLDialect instead
2025-06-29T20:29:54.937-04:00  INFO 28840 --- [microservicio-sucursales] [restartedMain] org.hibernate.orm.connections.pooling    : HHH10001005: Database info:
	Database JDBC URL [Connecting through datasource 'HikariDataSource (HikariPool-9)']
	Database driver: undefined/unknown
	Database version: 8.0
	Autocommit mode: undefined/unknown
	Isolation level: undefined/unknown
	Minimum pool size: undefined/unknown
	Maximum pool size: undefined/unknown
2025-06-29T20:29:54.968-04:00  INFO 28840 --- [microservicio-sucursales] [restartedMain] o.h.e.t.j.p.i.JtaPlatformInitiator       : HHH000489: No JTA platform available (set 'hibernate.transaction.jta.platform' to enable JTA platform integration)
2025-06-29T20:29:54.968-04:00  INFO 28840 --- [microservicio-sucursales] [restartedMain] j.LocalContainerEntityManagerFactoryBean : Initialized JPA EntityManagerFactory for persistence unit 'default'
2025-06-29T20:29:55.073-04:00  WARN 28840 --- [microservicio-sucursales] [restartedMain] JpaBaseConfiguration$JpaWebConfiguration : spring.jpa.open-in-view is enabled by default. Therefore, database queries may be performed during view rendering. Explicitly configure spring.jpa.open-in-view to disable this warning
2025-06-29T20:29:55.110-04:00  INFO 28840 --- [microservicio-sucursales] [restartedMain] o.s.v.b.OptionalValidatorFactoryBean     : Failed to set up a Bean Validation provider: jakarta.validation.NoProviderFoundException: Unable to create a Configuration, because no Jakarta Bean Validation provider could be found. Add a provider like Hibernate Validator (RI) to your classpath.
2025-06-29T20:29:55.252-04:00  INFO 28840 --- [microservicio-sucursales] [restartedMain] o.s.b.d.a.OptionalLiveReloadServer       : LiveReload server is running on port 35729
2025-06-29T20:29:55.254-04:00  INFO 28840 --- [microservicio-sucursales] [restartedMain] o.s.b.a.e.web.EndpointLinksResolver      : Exposing 1 endpoint beneath base path '/actuator'
2025-06-29T20:29:55.269-04:00  INFO 28840 --- [microservicio-sucursales] [restartedMain] o.s.b.w.embedded.tomcat.TomcatWebServer  : Tomcat started on port 8080 (http) with context path '/'
2025-06-29T20:29:55.272-04:00  INFO 28840 --- [microservicio-sucursales] [restartedMain] p.c.m.MicroservicioSucursalesApplication : Started MicroservicioSucursalesApplication in 2.211 seconds (process running for 3308.744)
2025-06-29T20:29:55.273-04:00  INFO 28840 --- [microservicio-sucursales] [restartedMain] .ConditionEvaluationDeltaLoggingListener : Condition evaluation unchanged
2025-06-29T20:30:28.186-04:00  INFO 28840 --- [microservicio-sucursales] [File Watcher] rtingClassPathChangeChangedEventListener : Restarting due to 1 class path change (0 additions, 0 deletions, 1 modification)
2025-06-29T20:30:28.188-04:00  INFO 28840 --- [microservicio-sucursales] [Thread-35] o.s.b.w.e.tomcat.GracefulShutdown        : Commencing graceful shutdown. Waiting for active requests to complete
2025-06-29T20:30:28.194-04:00  INFO 28840 --- [microservicio-sucursales] [tomcat-shutdown] o.s.b.w.e.tomcat.GracefulShutdown        : Graceful shutdown complete
2025-06-29T20:30:28.195-04:00  INFO 28840 --- [microservicio-sucursales] [Thread-35] j.LocalContainerEntityManagerFactoryBean : Closing JPA EntityManagerFactory for persistence unit 'default'
2025-06-29T20:30:28.196-04:00  INFO 28840 --- [microservicio-sucursales] [Thread-35] com.zaxxer.hikari.HikariDataSource       : HikariPool-9 - Shutdown initiated...
2025-06-29T20:30:29.611-04:00  INFO 28840 --- [microservicio-sucursales] [Thread-35] com.zaxxer.hikari.HikariDataSource       : HikariPool-9 - Shutdown completed.
2025-06-29T20:30:29.688-04:00  INFO 28840 --- [microservicio-sucursales] [restartedMain] p.c.m.MicroservicioSucursalesApplication : Starting MicroservicioSucursalesApplication using Java 21.0.5 with PID 28840 (C:\Users\lucia\Downloads\unitTestingSucursales\nonstack_sucursales-back-1\target\classes started by lucia in C:\Users\lucia\Downloads\unitTestingSucursales\nonstack_sucursales-back-1)
2025-06-29T20:30:29.688-04:00  INFO 28840 --- [microservicio-sucursales] [restartedMain] p.c.m.MicroservicioSucursalesApplication : No active profile set, falling back to 1 default profile: "default"
2025-06-29T20:30:29.855-04:00  INFO 28840 --- [microservicio-sucursales] [restartedMain] .s.d.r.c.RepositoryConfigurationDelegate : Bootstrapping Spring Data JPA repositories in DEFAULT mode.
2025-06-29T20:30:29.863-04:00  INFO 28840 --- [microservicio-sucursales] [restartedMain] .s.d.r.c.RepositoryConfigurationDelegate : Finished Spring Data repository scanning in 7 ms. Found 3 JPA repository interfaces.
2025-06-29T20:30:29.944-04:00  INFO 28840 --- [microservicio-sucursales] [restartedMain] o.s.b.w.embedded.tomcat.TomcatWebServer  : Tomcat initialized with port 8080 (http)
2025-06-29T20:30:29.944-04:00  INFO 28840 --- [microservicio-sucursales] [restartedMain] o.apache.catalina.core.StandardService   : Starting service [Tomcat]
2025-06-29T20:30:29.945-04:00  INFO 28840 --- [microservicio-sucursales] [restartedMain] o.apache.catalina.core.StandardEngine    : Starting Servlet engine: [Apache Tomcat/10.1.40]
2025-06-29T20:30:29.956-04:00  INFO 28840 --- [microservicio-sucursales] [restartedMain] o.a.c.c.C.[Tomcat].[localhost].[/]       : Initializing Spring embedded WebApplicationContext
2025-06-29T20:30:29.956-04:00  INFO 28840 --- [microservicio-sucursales] [restartedMain] w.s.c.ServletWebServerApplicationContext : Root WebApplicationContext: initialization completed in 267 ms
2025-06-29T20:30:30.031-04:00  INFO 28840 --- [microservicio-sucursales] [restartedMain] o.hibernate.jpa.internal.util.LogHelper  : HHH000204: Processing PersistenceUnitInfo [name: default]
2025-06-29T20:30:30.032-04:00  INFO 28840 --- [microservicio-sucursales] [restartedMain] o.h.c.internal.RegionFactoryInitiator    : HHH000026: Second-level cache disabled
2025-06-29T20:30:30.039-04:00  INFO 28840 --- [microservicio-sucursales] [restartedMain] o.s.o.j.p.SpringPersistenceUnitInfo      : No LoadTimeWeaver setup: ignoring JPA class transformer
2025-06-29T20:30:30.040-04:00  INFO 28840 --- [microservicio-sucursales] [restartedMain] com.zaxxer.hikari.HikariDataSource       : HikariPool-10 - Starting...
2025-06-29T20:30:31.636-04:00  INFO 28840 --- [microservicio-sucursales] [restartedMain] com.zaxxer.hikari.pool.HikariPool        : HikariPool-10 - Added connection com.mysql.cj.jdbc.ConnectionImpl@66ac3428
2025-06-29T20:30:31.637-04:00  INFO 28840 --- [microservicio-sucursales] [restartedMain] com.zaxxer.hikari.HikariDataSource       : HikariPool-10 - Start completed.
2025-06-29T20:30:31.637-04:00  WARN 28840 --- [microservicio-sucursales] [restartedMain] org.hibernate.orm.deprecation            : HHH90000025: MySQL8Dialect does not need to be specified explicitly using 'hibernate.dialect' (remove the property setting and it will be selected by default)
2025-06-29T20:30:31.638-04:00  WARN 28840 --- [microservicio-sucursales] [restartedMain] org.hibernate.orm.deprecation            : HHH90000026: MySQL8Dialect has been deprecated; use org.hibernate.dialect.MySQLDialect instead
2025-06-29T20:30:31.638-04:00  INFO 28840 --- [microservicio-sucursales] [restartedMain] org.hibernate.orm.connections.pooling    : HHH10001005: Database info:
	Database JDBC URL [Connecting through datasource 'HikariDataSource (HikariPool-10)']
	Database driver: undefined/unknown
	Database version: 8.0
	Autocommit mode: undefined/unknown
	Isolation level: undefined/unknown
	Minimum pool size: undefined/unknown
	Maximum pool size: undefined/unknown
2025-06-29T20:30:31.665-04:00  INFO 28840 --- [microservicio-sucursales] [restartedMain] o.h.e.t.j.p.i.JtaPlatformInitiator       : HHH000489: No JTA platform available (set 'hibernate.transaction.jta.platform' to enable JTA platform integration)
2025-06-29T20:30:31.665-04:00  INFO 28840 --- [microservicio-sucursales] [restartedMain] j.LocalContainerEntityManagerFactoryBean : Initialized JPA EntityManagerFactory for persistence unit 'default'
2025-06-29T20:30:31.763-04:00  WARN 28840 --- [microservicio-sucursales] [restartedMain] JpaBaseConfiguration$JpaWebConfiguration : spring.jpa.open-in-view is enabled by default. Therefore, database queries may be performed during view rendering. Explicitly configure spring.jpa.open-in-view to disable this warning
2025-06-29T20:30:31.813-04:00  INFO 28840 --- [microservicio-sucursales] [restartedMain] o.s.v.b.OptionalValidatorFactoryBean     : Failed to set up a Bean Validation provider: jakarta.validation.NoProviderFoundException: Unable to create a Configuration, because no Jakarta Bean Validation provider could be found. Add a provider like Hibernate Validator (RI) to your classpath.
2025-06-29T20:30:31.970-04:00  INFO 28840 --- [microservicio-sucursales] [restartedMain] o.s.b.d.a.OptionalLiveReloadServer       : LiveReload server is running on port 35729
2025-06-29T20:30:31.973-04:00  INFO 28840 --- [microservicio-sucursales] [restartedMain] o.s.b.a.e.web.EndpointLinksResolver      : Exposing 1 endpoint beneath base path '/actuator'
2025-06-29T20:30:31.987-04:00  INFO 28840 --- [microservicio-sucursales] [restartedMain] o.s.b.w.embedded.tomcat.TomcatWebServer  : Tomcat started on port 8080 (http) with context path '/'
2025-06-29T20:30:31.990-04:00  INFO 28840 --- [microservicio-sucursales] [restartedMain] p.c.m.MicroservicioSucursalesApplication : Started MicroservicioSucursalesApplication in 2.317 seconds (process running for 3345.463)
2025-06-29T20:30:31.992-04:00  INFO 28840 --- [microservicio-sucursales] [restartedMain] .ConditionEvaluationDeltaLoggingListener : Condition evaluation unchanged
2025-06-29T20:39:32.824-04:00  INFO 28840 --- [microservicio-sucursales] [http-nio-8080-exec-1] o.a.c.c.C.[Tomcat].[localhost].[/]       : Initializing Spring DispatcherServlet 'dispatcherServlet'
2025-06-29T20:39:32.825-04:00  INFO 28840 --- [microservicio-sucursales] [http-nio-8080-exec-1] o.s.web.servlet.DispatcherServlet        : Initializing Servlet 'dispatcherServlet'
2025-06-29T20:39:32.827-04:00  INFO 28840 --- [microservicio-sucursales] [http-nio-8080-exec-1] o.s.web.servlet.DispatcherServlet        : Completed initialization in 2 ms
